   81  curl -X GET "http://127.0.0.1:9200/_cat/indices?v"
   82  curl -X GET "http://127.0.0.1:9200/movies"
   83  curl -X GET "http://127.0.0.1:9200/movies/_mapping?pretty"
   84  curl -X GET "http://127.0.0.1:9200/movies/_mapping"
   85  curl -X GET "http://127.0.0.1:9200/movies/_mapping?pretty"



curl -X PUT "http://localhost:9200/vk_movies" -H 'Content-Type: application/json' -d'
{ "settings": {  "number_of_shards": 1, "number_of_replicas": 1 },  "mappings": { 
    "properties": {"title": { "type": "text" },"genre": { "type": "keyword" },"year": { "type": "integer" }}}}' 


ubuntu@ip-172-31-23-72:~$ curl -X POST "http://127.0.0.1:9200/vk_movie/_doc/1" -H 'Content-type:application/json' -d '{"title" : "Titanic", "genre" : "adventure", "year" : 2001}'
{"_index":"vk_movie","_id":"1","_version":1,"result":"created","_shards":{"total":2,"successful":1,"failed":0},"_seq_no":0,"_primary_term":1}

ubuntu@ip-172-31-23-72:~$ curl -X GET "http://127.0.0.1:9200/vk_movie/_doc/1"
{"_index":"vk_movie","_id":"1","_version":1,"_seq_no":0,"_primary_term":1,"found":true,"_source":{"title" : "Titanic", "genre" : "adventure", "year" : 2001}}


ubuntu@ip-172-31-23-72:~$ curl -X GET "http://127.0.0.1:9200/vk_movie/_doc/1?pretty"


ubuntu@ip-172-31-23-72:~$ curl -X GET "http://localhost:9200/vk_movie/_search" -H 'Content-Type: application/json' -d'
{ "query": { "match": { "title": "Titanic" }}}'
{"took":1,"timed_out":false,"_shards":{"total":1,"successful":1,"skipped":0,"failed":0},"hits":{"total":{"value":1,"relation":"eq"},"max_score":0.2876821,"hits":[{"_index":"vk_movie","_id":"1","_score":0.2876821,"_source":{"title" : "Titanic", "genre" : "adventure", "year" : 2001}}]}}ubuntu@ip-172-31-23-72:~$

ubuntu@ip-172-31-23-72:~$ curl -X DELETE "http://127.0.0.1

ubuntu@ip-172-31-23-72:~$ curl -X DELETE "http://127.0.0.1:9200/vk_movie"
